<!DOCTYPE HTML PUBLIC "-//W3C//DTD HTML 4.01 Transitional//EN">
<HTML>
 <HEAD>
   <TITLE> [Schillix-discuss] SchilliX-0.4.3: no output on console
   </TITLE>
   <LINK REL="Index" HREF="http://lists.berlios.de/pipermail/schillix-discuss/2006-January/index.html" >
   <LINK REL="made" HREF="mailto:schillix-discuss%40lists.berlios.de?Subject=Re%3A%20%5BSchillix-discuss%5D%20SchilliX-0.4.3%3A%20no%20output%20on%20console&In-Reply-To=%3C20060129140057.GA998%40localhost%3E">
   <META NAME="robots" CONTENT="index,nofollow">
   <style type="text/css">
       pre {
           white-space: pre-wrap;       /* css-2.1, curent FF, Opera, Safari */
           }
   </style>
   <META http-equiv="Content-Type" content="text/html; charset=us-ascii">
   <LINK REL="Previous"  HREF="000032.html">
   <LINK REL="Next"  HREF="000034.html">
 </HEAD>
 <BODY BGCOLOR="#ffffff">
   <H1>[Schillix-discuss] SchilliX-0.4.3: no output on console</H1>
    <B>Pavel Gorshkov</B> 
    <A HREF="mailto:schillix-discuss%40lists.berlios.de?Subject=Re%3A%20%5BSchillix-discuss%5D%20SchilliX-0.4.3%3A%20no%20output%20on%20console&In-Reply-To=%3C20060129140057.GA998%40localhost%3E"
       TITLE="[Schillix-discuss] SchilliX-0.4.3: no output on console">gorshkov.pavel at gmail.com
       </A><BR>
    <I>Sun Jan 29 15:00:57 CET 2006</I>
    <P><UL>
        <LI>Previous message: <A HREF="000032.html">[Schillix-discuss] General feedback
</A></li>
        <LI>Next message: <A HREF="000034.html">[Schillix-discuss] SchilliX-0.4.3: no output on console
</A></li>
         <LI> <B>Messages sorted by:</B> 
              <a href="date.html#33">[ date ]</a>
              <a href="thread.html#33">[ thread ]</a>
              <a href="subject.html#33">[ subject ]</a>
              <a href="author.html#33">[ author ]</a>
         </LI>
       </UL>
    <HR>  
<!--beginarticle-->
<PRE>Hi all,

I have the following problem booting SchilliX-0.4.3 on real
hardware:

    [snip]
    8042 device: <A HREF="https://lists.berlios.de/mailman/listinfo/schillix-discuss">mouse at 1</A>, mouse8042 # 0
    mouse80420 is /isa/<A HREF="https://lists.berlios.de/mailman/listinfo/schillix-discuss">i8042 at 1</A>,60/<A HREF="https://lists.berlios.de/mailman/listinfo/schillix-discuss">mouse at 1</A>
    mouse8042 #0: version 1.48 (05/10/2005)
    [ no output past this point, the cursor stays forever on this line ]

Surprisingly, the system continues booting, so I can blindly login
as root and reboot it :)

I've tried the following boot options:

    -vk -B kbd-type=US-English
    -v -B kbd-type=US-English,acpi-user-options=0x2

In case this helps, attached is a dmesg from my primary OS
(FreeBSD-6.0) running on the same box.

***
The good news is that it works under vmware-3.0 (I can post some
hints on getting the `ae' driver loaded properly in case anyone is
interested), but still it is VERY slow compared to Solaris 9
running in the same environment, so I'm curious about whether
anyone has tried getting a non-debug build?

Thanks in advance

--
Pavel Gorshkov
-------------- next part --------------
Copyright (c) 1992-2005 The FreeBSD Project.
Copyright (c) 1979, 1980, 1983, 1986, 1988, 1989, 1991, 1992, 1993, 1994
	The Regents of the University of California. All rights reserved.
FreeBSD 6.0-STABLE #3: Sun Nov  6 13:27:42 MSK 2005
    <A HREF="https://lists.berlios.de/mailman/listinfo/schillix-discuss">svinn at localhost</A>:/usr/obj/usr/src/sys/SVINN
Timecounter &quot;i8254&quot; frequency 1193182 Hz quality 0
CPU: Intel Pentium III (863.89-MHz 686-class CPU)
  Origin = &quot;GenuineIntel&quot;  Id = 0x686  Stepping = 6
  Features=0x383f9ff&lt;FPU,VME,DE,PSE,TSC,MSR,PAE,MCE,CX8,SEP,MTRR,PGE,MCA,CMOV,PAT,PSE36,MMX,FXSR,SSE&gt;
real memory  = 535756800 (510 MB)
avail memory = 514707456 (490 MB)
npx0: [FAST]
npx0: &lt;math processor&gt; on motherboard
npx0: INT 16 interface
acpi0: &lt;IntelR AWRDACPI&gt; on motherboard
acpi0: Power Button (fixed)
pci_link0: &lt;ACPI PCI Link LNKA&gt; irq 11 on acpi0
pci_link1: &lt;ACPI PCI Link LNKB&gt; irq 5 on acpi0
pci_link2: &lt;ACPI PCI Link LNKC&gt; irq 0 on acpi0
pci_link3: &lt;ACPI PCI Link LNKD&gt; irq 11 on acpi0
pci_link4: &lt;ACPI PCI Link LNKE&gt; irq 0 on acpi0
pci_link5: &lt;ACPI PCI Link LNKF&gt; irq 0 on acpi0
pci_link6: &lt;ACPI PCI Link LNK0&gt; irq 0 on acpi0
pci_link7: &lt;ACPI PCI Link LNK1&gt; irq 9 on acpi0
Timecounter &quot;ACPI-fast&quot; frequency 3579545 Hz quality 1000
acpi_timer0: &lt;24-bit timer at 3.579545MHz&gt; port 0x4008-0x400b on acpi0
cpu0: &lt;ACPI CPU&gt; on acpi0
acpi_throttle0: &lt;ACPI CPU Throttling&gt; on cpu0
acpi_button0: &lt;Power Button&gt; on acpi0
acpi_button1: &lt;Sleep Button&gt; on acpi0
pcib0: &lt;ACPI Host-PCI bridge&gt; port 0xcf8-0xcff,0x5000-0x500f,0x4000-0x40f7 on acpi0
pci0: &lt;ACPI PCI bus&gt; on pcib0
agp0: &lt;Intel 82815 (i815 GMCH) SVGA controller&gt; mem 0xd0000000-0xd3ffffff,0xd9000000-0xd907ffff irq 11 at device 2.0 on pci0
pcib1: &lt;ACPI PCI-PCI bridge&gt; at device 30.0 on pci0
pci1: &lt;ACPI PCI bus&gt; on pcib1
pci1: &lt;display, VGA&gt; at device 0.0 (no driver attached)
fxp0: &lt;Intel 82559 Pro/100 Ethernet&gt; port 0xc000-0xc03f mem 0xd7100000-0xd7100fff,0xd7000000-0xd70fffff irq 11 at device 4.0 on pci1
miibus0: &lt;MII bus&gt; on fxp0
inphy0: &lt;i82555 10/100 media interface&gt; on miibus0
inphy0:  10baseT, 10baseT-FDX, 100baseTX, 100baseTX-FDX, auto
fxp0: Ethernet address: 00:02:b3:e7:41:51
isab0: &lt;PCI-ISA bridge&gt; at device 31.0 on pci0
isa0: &lt;ISA bus&gt; on isab0
atapci0: &lt;Intel ICH2 UDMA100 controller&gt; port 0x1f0-0x1f7,0x3f6,0x170-0x177,0x376,0xf000-0xf00f at device 31.1 on pci0
ata0: &lt;ATA channel 0&gt; on atapci0
ata1: &lt;ATA channel 1&gt; on atapci0
uhci0: &lt;Intel 82801BA/BAM (ICH2) USB controller USB-A&gt; port 0xd000-0xd01f irq 11 at device 31.2 on pci0
uhci0: [GIANT-LOCKED]
usb0: &lt;Intel 82801BA/BAM (ICH2) USB controller USB-A&gt; on uhci0
usb0: USB revision 1.0
uhub0: Intel UHCI root hub, class 9/0, rev 1.00/1.00, addr 1
uhub0: 2 ports with 2 removable, self powered
uhci1: &lt;Intel 82801BA/BAM (ICH2) USB controller USB-B&gt; port 0xd400-0xd41f irq 9 at device 31.4 on pci0
uhci1: [GIANT-LOCKED]
usb1: &lt;Intel 82801BA/BAM (ICH2) USB controller USB-B&gt; on uhci1
usb1: USB revision 1.0
uhub1: Intel UHCI root hub, class 9/0, rev 1.00/1.00, addr 1
uhub1: 2 ports with 2 removable, self powered
pcm0: &lt;Intel ICH2 (82801BA)&gt; port 0xd800-0xd8ff,0xdc00-0xdc3f irq 5 at device 31.5 on pci0
pcm0: [GIANT-LOCKED]
pcm0: &lt;Avance Logic ALC200 AC97 Codec&gt;
acpi_tz0: &lt;Thermal Zone&gt; on acpi0
fdc0: &lt;floppy drive controller&gt; port 0x3f0-0x3f5,0x3f7 irq 6 drq 2 on acpi0
fdc0: [FAST]
fd0: &lt;1440-KB 3.5&quot; drive&gt; on fdc0 drive 0
sio0: &lt;16550A-compatible COM port&gt; port 0x3f8-0x3ff irq 4 flags 0x10 on acpi0
sio0: type 16550A
sio1: &lt;16550A-compatible COM port&gt; port 0x2f8-0x2ff irq 3 on acpi0
sio1: type 16550A
ppc0: &lt;Standard parallel printer port&gt; port 0x378-0x37f,0x778-0x77b,0xb78-0xb7b,0xf78-0xf7b irq 7 on acpi0
ppc0: Generic chipset (NIBBLE-only) in COMPATIBLE mode
ppbus0: &lt;Parallel port bus&gt; on ppc0
plip0: &lt;PLIP network interface&gt; on ppbus0
lpt0: &lt;Printer&gt; on ppbus0
lpt0: Interrupt-driven port
ppi0: &lt;Parallel I/O&gt; on ppbus0
atkbdc0: &lt;Keyboard controller (i8042)&gt; port 0x60,0x64 irq 1 on acpi0
atkbd0: &lt;AT Keyboard&gt; irq 1 on atkbdc0
kbd0 at atkbd0
atkbd0: [GIANT-LOCKED]
psm0: &lt;PS/2 Mouse&gt; irq 12 on atkbdc0
psm0: [GIANT-LOCKED]
psm0: model IntelliMouse Explorer, device ID 4
pmtimer0 on isa0
orm0: &lt;ISA Option ROMs&gt; at iomem 0xc0000-0xc7fff,0xc8000-0xc8fff on isa0
sc0: &lt;System console&gt; at flags 0x100 on isa0
sc0: VGA &lt;16 virtual consoles, flags=0x300&gt;
vga0: &lt;Generic ISA VGA&gt; at port 0x3c0-0x3df iomem 0xa0000-0xbffff on isa0
Timecounter &quot;TSC&quot; frequency 863888851 Hz quality 800
Timecounters tick every 1.000 msec
IPv6 packet filtering initialized, logging limited to 100 packets/entry
IP Filter: v4.1.8 initialized.  Default = pass all, Logging = enabled
ipfw2 (+ipv6) initialized, divert loadable, rule-based forwarding enabled, default to deny, logging limited to 100 packets/entry by default
ad0: 114473MB &lt;Seagate ST3120026A 3.06&gt; at ata0-master UDMA100
cd0 at ata1 bus 0 target 0 lun 0
cd0: &lt;PLEXTOR CD-R   PX-W2410A 1.02&gt; Removable CD-ROM SCSI-0 device 
cd0: 3.300MB/s transfers
cd0: Attempt to query device size failed: NOT READY, Medium not present - tray closed
Trying to mount root from ufs:/dev/ad0s1a
</PRE>

<!--endarticle-->
    <HR>
    <P><UL>
        <!--threads-->
	<LI>Previous message: <A HREF="000032.html">[Schillix-discuss] General feedback
</A></li>
	<LI>Next message: <A HREF="000034.html">[Schillix-discuss] SchilliX-0.4.3: no output on console
</A></li>
         <LI> <B>Messages sorted by:</B> 
              <a href="date.html#33">[ date ]</a>
              <a href="thread.html#33">[ thread ]</a>
              <a href="subject.html#33">[ subject ]</a>
              <a href="author.html#33">[ author ]</a>
         </LI>
       </UL>

<hr>
<a href="https://lists.berlios.de/mailman/listinfo/schillix-discuss">More information about the Schillix-discuss
mailing list</a><br>
</body></html>
